Starting Connectivity Tests for DeepTrust Models...

--- Testing TEXT MODEL (Sayantan090/fake-news-detector) ---
TEXT MODEL Result: {'label': 'ERROR', 'confidence': 0, 'reason': '410 Client Error: Gone for url: https://api-inference.huggingface.co/models/Sayantan090/fake-news-detector', 'all_scores': {}}

--- Testing IMAGE MODEL (raktik-deepfake-detector-image Space) ---
IMAGE MODEL crashed: 404 Client Error: Not Found for url: https://raktik-deepfake-detector-image.hf.space/run/predict

--- Testing AUDIO MODEL (Sayantan090/audio-fake-detector) ---
AUDIO MODEL Result: {'label': 'ERROR', 'confidence': 0, 'fake_score': 0.0, 'real_score': 0.0, 'reason': "('Connection broken: IncompleteRead(15773 bytes read, 8842 more expected)', IncompleteRead(15773 bytes read, 8842 more expected))", 'all_scores': {}}
